// Vitest Snapshot v1, https://vitest.dev/guide/snapshot.html

exports[`Support.vue > snapshots > renders collapsed state for grade < 6 1`] = `
"<section class="pt-4">
  <div class="p-accordion p-component my-2 w-full" data-pc-name="accordion" pc0="" data-pc-section="root">
    <div class="p-accordionpanel" data-pc-name="accordionpanel" data-p-disabled="false" data-p-active="false" pc1="" data-pc-section="root"><button data-p="" class="p-accordionheader" type="button" id="pv_id_0_accordionheader_1" tabindex="0" aria-expanded="false" aria-controls="pv_id_0_accordioncontent_1" data-pc-name="accordionheader" data-p-disabled="false" data-p-active="false" pc2="" data-pc-section="root"><svg width="14" height="14" viewBox="0 0 14 14" fill="none" xmlns="http://www.w3.org/2000/svg" class="p-icon p-accordionheader-toggle-icon" aria-hidden="true" data-pc-section="toggleicon">
          <path d="M7.01744 10.398C6.91269 10.3985 6.8089 10.378 6.71215 10.3379C6.61541 10.2977 6.52766 10.2386 6.45405 10.1641L1.13907 4.84913C1.03306 4.69404 0.985221 4.5065 1.00399 4.31958C1.02276 4.13266 1.10693 3.95838 1.24166 3.82747C1.37639 3.69655 1.55301 3.61742 1.74039 3.60402C1.92777 3.59062 2.11386 3.64382 2.26584 3.75424L7.01744 8.47394L11.769 3.75424C11.9189 3.65709 12.097 3.61306 12.2748 3.62921C12.4527 3.64535 12.6199 3.72073 12.7498 3.84328C12.8797 3.96582 12.9647 4.12842 12.9912 4.30502C13.0177 4.48162 12.9841 4.662 12.8958 4.81724L7.58083 10.1322C7.50996 10.2125 7.42344 10.2775 7.32656 10.3232C7.22968 10.3689 7.12449 10.3944 7.01744 10.398Z" fill="currentColor"></path>
        </svg></button>
      <transition-stub name="p-toggleable-content" appear="false" persisted="false" css="true">
        <div class="p-accordioncontent" id="pv_id_0_accordioncontent_1" role="region" aria-labelledby="pv_id_0_accordionheader_1" data-pc-name="accordioncontent" data-p-active="false" pc4="" data-pc-section="root" style="display: none;">
          <div class="p-accordioncontent-content" data-pc-section="content">
            <div class="flex p-3 mb-4 border border-gray-100 border-1 flex-column align-items-center"><img src="en-elementary-distribution-chart-scoring-v1.webp" width="650"></div>
            <p class="mt-0"></p>
            <ul>
              <li>A <b></b>: A <b></b> indicates performance relative to a mean of 100.</li>
              <li>A <b></b>: A <b></b> shows where a student ranks compared to peers.</li>
              <li>A <b></b>: A <b></b> is the number of items answered correctly.</li>
            </ul>
            <!--v-if-->
          </div>
        </div>
      </transition-stub>
    </div>
    <div class="p-accordionpanel" data-pc-name="accordionpanel" data-p-disabled="false" data-p-active="false" pc5="" data-pc-section="root"><button data-p="" class="p-accordionheader" type="button" id="pv_id_0_accordionheader_2" tabindex="0" aria-expanded="false" aria-controls="pv_id_0_accordioncontent_2" data-pc-name="accordionheader" data-p-disabled="false" data-p-active="false" pc6="" data-pc-section="root"><svg width="14" height="14" viewBox="0 0 14 14" fill="none" xmlns="http://www.w3.org/2000/svg" class="p-icon p-accordionheader-toggle-icon" aria-hidden="true" data-pc-section="toggleicon">
          <path d="M7.01744 10.398C6.91269 10.3985 6.8089 10.378 6.71215 10.3379C6.61541 10.2977 6.52766 10.2386 6.45405 10.1641L1.13907 4.84913C1.03306 4.69404 0.985221 4.5065 1.00399 4.31958C1.02276 4.13266 1.10693 3.95838 1.24166 3.82747C1.37639 3.69655 1.55301 3.61742 1.74039 3.60402C1.92777 3.59062 2.11386 3.64382 2.26584 3.75424L7.01744 8.47394L11.769 3.75424C11.9189 3.65709 12.097 3.61306 12.2748 3.62921C12.4527 3.64535 12.6199 3.72073 12.7498 3.84328C12.8797 3.96582 12.9647 4.12842 12.9912 4.30502C13.0177 4.48162 12.9841 4.662 12.8958 4.81724L7.58083 10.1322C7.50996 10.2125 7.42344 10.2775 7.32656 10.3232C7.22968 10.3689 7.12449 10.3944 7.01744 10.398Z" fill="currentColor"></path>
        </svg></button>
      <transition-stub name="p-toggleable-content" appear="false" persisted="false" css="true">
        <div class="p-accordioncontent" id="pv_id_0_accordioncontent_2" role="region" aria-labelledby="pv_id_0_accordionheader_2" data-pc-name="accordioncontent" data-p-active="false" pc8="" data-pc-section="root" style="display: none;">
          <div class="p-accordioncontent-content" data-pc-section="content">
            <p class="mt-0">For guidance on next steps, <a href="/docs/roar-next-steps.pdf" class="text-gray-700 hover:text-red-700" target="_blank">click here</a>. </p>
          </div>
        </div>
      </transition-stub>
    </div>
  </div>
</section>"
`;

exports[`Support.vue > snapshots > renders collapsed state for grade >= 6 1`] = `
"<section class="pt-4">
  <div class="p-accordion p-component my-2 w-full" data-pc-name="accordion" pc0="" data-pc-section="root">
    <div class="p-accordionpanel" data-pc-name="accordionpanel" data-p-disabled="false" data-p-active="false" pc1="" data-pc-section="root"><button data-p="" class="p-accordionheader" type="button" id="pv_id_0_accordionheader_1" tabindex="0" aria-expanded="false" aria-controls="pv_id_0_accordioncontent_1" data-pc-name="accordionheader" data-p-disabled="false" data-p-active="false" pc2="" data-pc-section="root"><svg width="14" height="14" viewBox="0 0 14 14" fill="none" xmlns="http://www.w3.org/2000/svg" class="p-icon p-accordionheader-toggle-icon" aria-hidden="true" data-pc-section="toggleicon">
          <path d="M7.01744 10.398C6.91269 10.3985 6.8089 10.378 6.71215 10.3379C6.61541 10.2977 6.52766 10.2386 6.45405 10.1641L1.13907 4.84913C1.03306 4.69404 0.985221 4.5065 1.00399 4.31958C1.02276 4.13266 1.10693 3.95838 1.24166 3.82747C1.37639 3.69655 1.55301 3.61742 1.74039 3.60402C1.92777 3.59062 2.11386 3.64382 2.26584 3.75424L7.01744 8.47394L11.769 3.75424C11.9189 3.65709 12.097 3.61306 12.2748 3.62921C12.4527 3.64535 12.6199 3.72073 12.7498 3.84328C12.8797 3.96582 12.9647 4.12842 12.9912 4.30502C13.0177 4.48162 12.9841 4.662 12.8958 4.81724L7.58083 10.1322C7.50996 10.2125 7.42344 10.2775 7.32656 10.3232C7.22968 10.3689 7.12449 10.3944 7.01744 10.398Z" fill="currentColor"></path>
        </svg></button>
      <transition-stub name="p-toggleable-content" appear="false" persisted="false" css="true">
        <div class="p-accordioncontent" id="pv_id_0_accordioncontent_1" role="region" aria-labelledby="pv_id_0_accordionheader_1" data-pc-name="accordioncontent" data-p-active="false" pc4="" data-pc-section="root" style="display: none;">
          <div class="p-accordioncontent-content" data-pc-section="content">
            <!--v-if-->
            <p class="mt-0"></p>
            <ul>
              <li>A <b></b>: A <b></b> indicates performance relative to a mean of 100.</li>
              <!--v-if-->
              <li>A <b></b>: A <b></b> is the number of items answered correctly.</li>
            </ul>
            <div>
              <p><b>ROAR</b> assessments provide insights into reading abilities.</p>
              <p>Students in the <span class="font-semibold text-pink-600"></span> range may benefit from additional instruction.</p>
              <p>Students in the <span class="font-semibold text-yellow-600"></span> range are building foundational skills.</p>
              <p>Students in the <span class="font-semibold text-green-600"></span> range demonstrate proficiency.</p>
            </div>
          </div>
        </div>
      </transition-stub>
    </div>
    <div class="p-accordionpanel" data-pc-name="accordionpanel" data-p-disabled="false" data-p-active="false" pc5="" data-pc-section="root"><button data-p="" class="p-accordionheader" type="button" id="pv_id_0_accordionheader_2" tabindex="0" aria-expanded="false" aria-controls="pv_id_0_accordioncontent_2" data-pc-name="accordionheader" data-p-disabled="false" data-p-active="false" pc6="" data-pc-section="root"><svg width="14" height="14" viewBox="0 0 14 14" fill="none" xmlns="http://www.w3.org/2000/svg" class="p-icon p-accordionheader-toggle-icon" aria-hidden="true" data-pc-section="toggleicon">
          <path d="M7.01744 10.398C6.91269 10.3985 6.8089 10.378 6.71215 10.3379C6.61541 10.2977 6.52766 10.2386 6.45405 10.1641L1.13907 4.84913C1.03306 4.69404 0.985221 4.5065 1.00399 4.31958C1.02276 4.13266 1.10693 3.95838 1.24166 3.82747C1.37639 3.69655 1.55301 3.61742 1.74039 3.60402C1.92777 3.59062 2.11386 3.64382 2.26584 3.75424L7.01744 8.47394L11.769 3.75424C11.9189 3.65709 12.097 3.61306 12.2748 3.62921C12.4527 3.64535 12.6199 3.72073 12.7498 3.84328C12.8797 3.96582 12.9647 4.12842 12.9912 4.30502C13.0177 4.48162 12.9841 4.662 12.8958 4.81724L7.58083 10.1322C7.50996 10.2125 7.42344 10.2775 7.32656 10.3232C7.22968 10.3689 7.12449 10.3944 7.01744 10.398Z" fill="currentColor"></path>
        </svg></button>
      <transition-stub name="p-toggleable-content" appear="false" persisted="false" css="true">
        <div class="p-accordioncontent" id="pv_id_0_accordioncontent_2" role="region" aria-labelledby="pv_id_0_accordionheader_2" data-pc-name="accordioncontent" data-p-active="false" pc8="" data-pc-section="root" style="display: none;">
          <div class="p-accordioncontent-content" data-pc-section="content">
            <p class="mt-0">For guidance on next steps, <a href="/docs/roar-next-steps.pdf" class="text-gray-700 hover:text-red-700" target="_blank">click here</a>. </p>
          </div>
        </div>
      </transition-stub>
    </div>
  </div>
</section>"
`;

exports[`Support.vue > snapshots > renders expanded state for grade < 6 1`] = `
"<section class="pt-4">
  <div class="p-accordion p-component my-2 w-full" data-pc-name="accordion" pc0="" data-pc-section="root">
    <div class="p-accordionpanel p-accordionpanel-active" data-pc-name="accordionpanel" data-p-disabled="false" data-p-active="true" pc1="" data-pc-section="root"><button data-p="active" class="p-accordionheader" type="button" id="pv_id_0_accordionheader_1" tabindex="0" aria-expanded="true" aria-controls="pv_id_0_accordioncontent_1" data-pc-name="accordionheader" data-p-disabled="false" data-p-active="true" pc2="" data-pc-section="root"><svg width="14" height="14" viewBox="0 0 14 14" fill="none" xmlns="http://www.w3.org/2000/svg" class="p-icon p-accordionheader-toggle-icon" aria-hidden="true" data-pc-section="toggleicon">
          <path d="M12.2097 10.4113C12.1057 10.4118 12.0027 10.3915 11.9067 10.3516C11.8107 10.3118 11.7237 10.2532 11.6506 10.1792L6.93602 5.46461L2.22139 10.1476C2.07272 10.244 1.89599 10.2877 1.71953 10.2717C1.54307 10.2556 1.3771 10.1808 1.24822 10.0593C1.11933 9.93766 1.035 9.77633 1.00874 9.6011C0.982477 9.42587 1.0158 9.2469 1.10338 9.09287L6.37701 3.81923C6.52533 3.6711 6.72639 3.58789 6.93602 3.58789C7.14565 3.58789 7.3467 3.6711 7.49502 3.81923L12.7687 9.09287C12.9168 9.24119 13 9.44225 13 9.65187C13 9.8615 12.9168 10.0626 12.7687 10.2109C12.616 10.3487 12.4151 10.4207 12.2097 10.4113Z" fill="currentColor"></path>
        </svg></button>
      <transition-stub name="p-toggleable-content" appear="false" persisted="false" css="true">
        <div class="p-accordioncontent" id="pv_id_0_accordioncontent_1" role="region" aria-labelledby="pv_id_0_accordionheader_1" data-pc-name="accordioncontent" data-p-active="true" pc4="" data-pc-section="root">
          <div class="p-accordioncontent-content" data-pc-section="content">
            <div class="flex p-3 mb-4 border border-gray-100 border-1 flex-column align-items-center"><img src="en-elementary-distribution-chart-scoring-v1.webp" width="650"></div>
            <p class="mt-0"></p>
            <ul>
              <li>A <b></b>: A <b></b> indicates performance relative to a mean of 100.</li>
              <li>A <b></b>: A <b></b> shows where a student ranks compared to peers.</li>
              <li>A <b></b>: A <b></b> is the number of items answered correctly.</li>
            </ul>
            <!--v-if-->
          </div>
        </div>
      </transition-stub>
    </div>
    <div class="p-accordionpanel p-accordionpanel-active" data-pc-name="accordionpanel" data-p-disabled="false" data-p-active="true" pc5="" data-pc-section="root"><button data-p="active" class="p-accordionheader" type="button" id="pv_id_0_accordionheader_2" tabindex="0" aria-expanded="true" aria-controls="pv_id_0_accordioncontent_2" data-pc-name="accordionheader" data-p-disabled="false" data-p-active="true" pc6="" data-pc-section="root"><svg width="14" height="14" viewBox="0 0 14 14" fill="none" xmlns="http://www.w3.org/2000/svg" class="p-icon p-accordionheader-toggle-icon" aria-hidden="true" data-pc-section="toggleicon">
          <path d="M12.2097 10.4113C12.1057 10.4118 12.0027 10.3915 11.9067 10.3516C11.8107 10.3118 11.7237 10.2532 11.6506 10.1792L6.93602 5.46461L2.22139 10.1476C2.07272 10.244 1.89599 10.2877 1.71953 10.2717C1.54307 10.2556 1.3771 10.1808 1.24822 10.0593C1.11933 9.93766 1.035 9.77633 1.00874 9.6011C0.982477 9.42587 1.0158 9.2469 1.10338 9.09287L6.37701 3.81923C6.52533 3.6711 6.72639 3.58789 6.93602 3.58789C7.14565 3.58789 7.3467 3.6711 7.49502 3.81923L12.7687 9.09287C12.9168 9.24119 13 9.44225 13 9.65187C13 9.8615 12.9168 10.0626 12.7687 10.2109C12.616 10.3487 12.4151 10.4207 12.2097 10.4113Z" fill="currentColor"></path>
        </svg></button>
      <transition-stub name="p-toggleable-content" appear="false" persisted="false" css="true">
        <div class="p-accordioncontent" id="pv_id_0_accordioncontent_2" role="region" aria-labelledby="pv_id_0_accordionheader_2" data-pc-name="accordioncontent" data-p-active="true" pc8="" data-pc-section="root">
          <div class="p-accordioncontent-content" data-pc-section="content">
            <p class="mt-0">For guidance on next steps, <a href="/docs/roar-next-steps.pdf" class="text-gray-700 hover:text-red-700" target="_blank">click here</a>. </p>
          </div>
        </div>
      </transition-stub>
    </div>
  </div>
</section>"
`;

exports[`Support.vue > snapshots > renders expanded state for grade >= 6 1`] = `
"<section class="pt-4">
  <div class="p-accordion p-component my-2 w-full" data-pc-name="accordion" pc0="" data-pc-section="root">
    <div class="p-accordionpanel p-accordionpanel-active" data-pc-name="accordionpanel" data-p-disabled="false" data-p-active="true" pc1="" data-pc-section="root"><button data-p="active" class="p-accordionheader" type="button" id="pv_id_0_accordionheader_1" tabindex="0" aria-expanded="true" aria-controls="pv_id_0_accordioncontent_1" data-pc-name="accordionheader" data-p-disabled="false" data-p-active="true" pc2="" data-pc-section="root"><svg width="14" height="14" viewBox="0 0 14 14" fill="none" xmlns="http://www.w3.org/2000/svg" class="p-icon p-accordionheader-toggle-icon" aria-hidden="true" data-pc-section="toggleicon">
          <path d="M12.2097 10.4113C12.1057 10.4118 12.0027 10.3915 11.9067 10.3516C11.8107 10.3118 11.7237 10.2532 11.6506 10.1792L6.93602 5.46461L2.22139 10.1476C2.07272 10.244 1.89599 10.2877 1.71953 10.2717C1.54307 10.2556 1.3771 10.1808 1.24822 10.0593C1.11933 9.93766 1.035 9.77633 1.00874 9.6011C0.982477 9.42587 1.0158 9.2469 1.10338 9.09287L6.37701 3.81923C6.52533 3.6711 6.72639 3.58789 6.93602 3.58789C7.14565 3.58789 7.3467 3.6711 7.49502 3.81923L12.7687 9.09287C12.9168 9.24119 13 9.44225 13 9.65187C13 9.8615 12.9168 10.0626 12.7687 10.2109C12.616 10.3487 12.4151 10.4207 12.2097 10.4113Z" fill="currentColor"></path>
        </svg></button>
      <transition-stub name="p-toggleable-content" appear="false" persisted="false" css="true">
        <div class="p-accordioncontent" id="pv_id_0_accordioncontent_1" role="region" aria-labelledby="pv_id_0_accordionheader_1" data-pc-name="accordioncontent" data-p-active="true" pc4="" data-pc-section="root">
          <div class="p-accordioncontent-content" data-pc-section="content">
            <!--v-if-->
            <p class="mt-0"></p>
            <ul>
              <li>A <b></b>: A <b></b> indicates performance relative to a mean of 100.</li>
              <!--v-if-->
              <li>A <b></b>: A <b></b> is the number of items answered correctly.</li>
            </ul>
            <div>
              <p><b>ROAR</b> assessments provide insights into reading abilities.</p>
              <p>Students in the <span class="font-semibold text-pink-600"></span> range may benefit from additional instruction.</p>
              <p>Students in the <span class="font-semibold text-yellow-600"></span> range are building foundational skills.</p>
              <p>Students in the <span class="font-semibold text-green-600"></span> range demonstrate proficiency.</p>
            </div>
          </div>
        </div>
      </transition-stub>
    </div>
    <div class="p-accordionpanel p-accordionpanel-active" data-pc-name="accordionpanel" data-p-disabled="false" data-p-active="true" pc5="" data-pc-section="root"><button data-p="active" class="p-accordionheader" type="button" id="pv_id_0_accordionheader_2" tabindex="0" aria-expanded="true" aria-controls="pv_id_0_accordioncontent_2" data-pc-name="accordionheader" data-p-disabled="false" data-p-active="true" pc6="" data-pc-section="root"><svg width="14" height="14" viewBox="0 0 14 14" fill="none" xmlns="http://www.w3.org/2000/svg" class="p-icon p-accordionheader-toggle-icon" aria-hidden="true" data-pc-section="toggleicon">
          <path d="M12.2097 10.4113C12.1057 10.4118 12.0027 10.3915 11.9067 10.3516C11.8107 10.3118 11.7237 10.2532 11.6506 10.1792L6.93602 5.46461L2.22139 10.1476C2.07272 10.244 1.89599 10.2877 1.71953 10.2717C1.54307 10.2556 1.3771 10.1808 1.24822 10.0593C1.11933 9.93766 1.035 9.77633 1.00874 9.6011C0.982477 9.42587 1.0158 9.2469 1.10338 9.09287L6.37701 3.81923C6.52533 3.6711 6.72639 3.58789 6.93602 3.58789C7.14565 3.58789 7.3467 3.6711 7.49502 3.81923L12.7687 9.09287C12.9168 9.24119 13 9.44225 13 9.65187C13 9.8615 12.9168 10.0626 12.7687 10.2109C12.616 10.3487 12.4151 10.4207 12.2097 10.4113Z" fill="currentColor"></path>
        </svg></button>
      <transition-stub name="p-toggleable-content" appear="false" persisted="false" css="true">
        <div class="p-accordioncontent" id="pv_id_0_accordioncontent_2" role="region" aria-labelledby="pv_id_0_accordionheader_2" data-pc-name="accordioncontent" data-p-active="true" pc8="" data-pc-section="root">
          <div class="p-accordioncontent-content" data-pc-section="content">
            <p class="mt-0">For guidance on next steps, <a href="/docs/roar-next-steps.pdf" class="text-gray-700 hover:text-red-700" target="_blank">click here</a>. </p>
          </div>
        </div>
      </transition-stub>
    </div>
  </div>
</section>"
`;

exports[`Support.vue > snapshots > renders with Kindergarten grade 1`] = `
"<section class="pt-4">
  <div class="p-accordion p-component my-2 w-full" data-pc-name="accordion" pc0="" data-pc-section="root">
    <div class="p-accordionpanel p-accordionpanel-active" data-pc-name="accordionpanel" data-p-disabled="false" data-p-active="true" pc1="" data-pc-section="root"><button data-p="active" class="p-accordionheader" type="button" id="pv_id_0_accordionheader_1" tabindex="0" aria-expanded="true" aria-controls="pv_id_0_accordioncontent_1" data-pc-name="accordionheader" data-p-disabled="false" data-p-active="true" pc2="" data-pc-section="root"><svg width="14" height="14" viewBox="0 0 14 14" fill="none" xmlns="http://www.w3.org/2000/svg" class="p-icon p-accordionheader-toggle-icon" aria-hidden="true" data-pc-section="toggleicon">
          <path d="M12.2097 10.4113C12.1057 10.4118 12.0027 10.3915 11.9067 10.3516C11.8107 10.3118 11.7237 10.2532 11.6506 10.1792L6.93602 5.46461L2.22139 10.1476C2.07272 10.244 1.89599 10.2877 1.71953 10.2717C1.54307 10.2556 1.3771 10.1808 1.24822 10.0593C1.11933 9.93766 1.035 9.77633 1.00874 9.6011C0.982477 9.42587 1.0158 9.2469 1.10338 9.09287L6.37701 3.81923C6.52533 3.6711 6.72639 3.58789 6.93602 3.58789C7.14565 3.58789 7.3467 3.6711 7.49502 3.81923L12.7687 9.09287C12.9168 9.24119 13 9.44225 13 9.65187C13 9.8615 12.9168 10.0626 12.7687 10.2109C12.616 10.3487 12.4151 10.4207 12.2097 10.4113Z" fill="currentColor"></path>
        </svg></button>
      <transition-stub name="p-toggleable-content" appear="false" persisted="false" css="true">
        <div class="p-accordioncontent" id="pv_id_0_accordioncontent_1" role="region" aria-labelledby="pv_id_0_accordionheader_1" data-pc-name="accordioncontent" data-p-active="true" pc4="" data-pc-section="root">
          <div class="p-accordioncontent-content" data-pc-section="content">
            <div class="flex p-3 mb-4 border border-gray-100 border-1 flex-column align-items-center"><img src="en-elementary-distribution-chart-scoring-v1.webp" width="650"></div>
            <p class="mt-0"></p>
            <ul>
              <li>A <b></b>: A <b></b> indicates performance relative to a mean of 100.</li>
              <li>A <b></b>: A <b></b> shows where a student ranks compared to peers.</li>
              <li>A <b></b>: A <b></b> is the number of items answered correctly.</li>
            </ul>
            <!--v-if-->
          </div>
        </div>
      </transition-stub>
    </div>
    <div class="p-accordionpanel p-accordionpanel-active" data-pc-name="accordionpanel" data-p-disabled="false" data-p-active="true" pc5="" data-pc-section="root"><button data-p="active" class="p-accordionheader" type="button" id="pv_id_0_accordionheader_2" tabindex="0" aria-expanded="true" aria-controls="pv_id_0_accordioncontent_2" data-pc-name="accordionheader" data-p-disabled="false" data-p-active="true" pc6="" data-pc-section="root"><svg width="14" height="14" viewBox="0 0 14 14" fill="none" xmlns="http://www.w3.org/2000/svg" class="p-icon p-accordionheader-toggle-icon" aria-hidden="true" data-pc-section="toggleicon">
          <path d="M12.2097 10.4113C12.1057 10.4118 12.0027 10.3915 11.9067 10.3516C11.8107 10.3118 11.7237 10.2532 11.6506 10.1792L6.93602 5.46461L2.22139 10.1476C2.07272 10.244 1.89599 10.2877 1.71953 10.2717C1.54307 10.2556 1.3771 10.1808 1.24822 10.0593C1.11933 9.93766 1.035 9.77633 1.00874 9.6011C0.982477 9.42587 1.0158 9.2469 1.10338 9.09287L6.37701 3.81923C6.52533 3.6711 6.72639 3.58789 6.93602 3.58789C7.14565 3.58789 7.3467 3.6711 7.49502 3.81923L12.7687 9.09287C12.9168 9.24119 13 9.44225 13 9.65187C13 9.8615 12.9168 10.0626 12.7687 10.2109C12.616 10.3487 12.4151 10.4207 12.2097 10.4113Z" fill="currentColor"></path>
        </svg></button>
      <transition-stub name="p-toggleable-content" appear="false" persisted="false" css="true">
        <div class="p-accordioncontent" id="pv_id_0_accordioncontent_2" role="region" aria-labelledby="pv_id_0_accordionheader_2" data-pc-name="accordioncontent" data-p-active="true" pc8="" data-pc-section="root">
          <div class="p-accordioncontent-content" data-pc-section="content">
            <p class="mt-0">For guidance on next steps, <a href="/docs/roar-next-steps.pdf" class="text-gray-700 hover:text-red-700" target="_blank">click here</a>. </p>
          </div>
        </div>
      </transition-stub>
    </div>
  </div>
</section>"
`;
